2026-02-19 11:48:58 | src.extraction.resume_parser | INFO | __init__:22 | ResumeParser initialized with chunk_size=400, overlap=50
2026-02-19 11:48:58 | src.extraction.resume_parser | INFO | process_resume:68 | Starting complete resume processing: C:\Users\User\OneDrive\Documents\VS CODE\VERITAS\data\Nishita_Sharma.pdf
2026-02-19 11:48:58 | src.extraction.resume_parser | INFO | parse_pdf:26 | Parsing resume from: C:\Users\User\OneDrive\Documents\VS CODE\VERITAS\data\Nishita_Sharma.pdf
2026-02-19 11:48:59 | src.extraction.resume_parser | INFO | parse_pdf:37 | Successfully parsed PDF: 1 pages, 2491 characters
2026-02-19 11:48:59 | src.extraction.resume_parser | INFO | parse_text:46 | Normalizing resume text
2026-02-19 11:48:59 | src.extraction.resume_parser | INFO | parse_text:54 | Text normalization complete: 2417 characters
2026-02-19 11:48:59 | src.extraction.resume_parser | INFO | chunk_resume:59 | Chunking resume text
2026-02-19 11:48:59 | src.extraction.resume_parser | INFO | chunk_resume:62 | Created 7 chunks
2026-02-19 11:48:59 | src.extraction.resume_parser | INFO | process_resume:88 | Resume processing complete: 7 chunks created
2026-02-19 11:49:23 | src.extraction.resume_parser | INFO | __init__:22 | ResumeParser initialized with chunk_size=400, overlap=50
2026-02-19 11:49:23 | src.extraction.resume_parser | INFO | process_resume:68 | Starting complete resume processing: C:\Users\User\OneDrive\Documents\VS CODE\VERITAS\data\resume-sample.pdf
2026-02-19 11:49:23 | src.extraction.resume_parser | INFO | parse_pdf:26 | Parsing resume from: C:\Users\User\OneDrive\Documents\VS CODE\VERITAS\data\resume-sample.pdf
2026-02-19 11:49:23 | src.extraction.resume_parser | INFO | parse_pdf:37 | Successfully parsed PDF: 1 pages, 3566 characters
2026-02-19 11:49:23 | src.extraction.resume_parser | INFO | parse_text:46 | Normalizing resume text
2026-02-19 11:49:23 | src.extraction.resume_parser | INFO | parse_text:54 | Text normalization complete: 3445 characters
2026-02-19 11:49:23 | src.extraction.resume_parser | INFO | chunk_resume:59 | Chunking resume text
2026-02-19 11:49:23 | src.extraction.resume_parser | INFO | chunk_resume:62 | Created 10 chunks
2026-02-19 11:49:23 | src.extraction.resume_parser | INFO | process_resume:88 | Resume processing complete: 10 chunks created
2026-02-19 11:58:30 | src.extraction.resume_parser | INFO | __init__:22 | ResumeParser initialized with chunk_size=400, overlap=50
2026-02-19 11:58:30 | src.extraction.resume_parser | INFO | process_resume:68 | Starting complete resume processing: C:\Users\User\OneDrive\Documents\VS CODE\VERITAS\data\Nishita_Sharma.pdf
2026-02-19 11:58:30 | src.extraction.resume_parser | INFO | parse_pdf:26 | Parsing resume from: C:\Users\User\OneDrive\Documents\VS CODE\VERITAS\data\Nishita_Sharma.pdf
2026-02-19 11:58:31 | src.extraction.resume_parser | INFO | parse_pdf:37 | Successfully parsed PDF: 1 pages, 2491 characters
2026-02-19 11:58:31 | src.extraction.resume_parser | INFO | parse_text:46 | Normalizing resume text
2026-02-19 11:58:31 | src.extraction.resume_parser | INFO | parse_text:54 | Text normalization complete: 2417 characters
2026-02-19 11:58:31 | src.extraction.resume_parser | INFO | chunk_resume:59 | Chunking resume text
2026-02-19 11:58:31 | src.extraction.resume_parser | INFO | chunk_resume:62 | Created 7 chunks
2026-02-19 11:58:31 | src.extraction.resume_parser | INFO | process_resume:88 | Resume processing complete: 7 chunks created
2026-02-19 12:04:17 | src.extraction.resume_parser | INFO | __init__:22 | ResumeParser initialized with chunk_size=400, overlap=50
2026-02-19 12:04:17 | src.extraction.resume_parser | INFO | process_resume:68 | Starting complete resume processing: C:\Users\User\OneDrive\Documents\VS CODE\VERITAS\data\Nishita_Sharma.pdf
2026-02-19 12:04:17 | src.extraction.resume_parser | INFO | parse_pdf:26 | Parsing resume from: C:\Users\User\OneDrive\Documents\VS CODE\VERITAS\data\Nishita_Sharma.pdf
2026-02-19 12:04:18 | src.extraction.resume_parser | INFO | parse_pdf:37 | Successfully parsed PDF: 1 pages, 2491 characters
2026-02-19 12:04:18 | src.extraction.resume_parser | INFO | parse_text:46 | Normalizing resume text
2026-02-19 12:04:18 | src.extraction.resume_parser | INFO | parse_text:54 | Text normalization complete: 2417 characters
2026-02-19 12:04:18 | src.extraction.resume_parser | INFO | chunk_resume:59 | Chunking resume text
2026-02-19 12:04:18 | src.extraction.resume_parser | INFO | chunk_resume:62 | Created 7 chunks
2026-02-19 12:04:18 | src.extraction.resume_parser | INFO | process_resume:88 | Resume processing complete: 7 chunks created
2026-02-19 12:06:56 | src.extraction.resume_parser | INFO | __init__:22 | ResumeParser initialized with chunk_size=400, overlap=50
2026-02-19 12:06:56 | src.extraction.resume_parser | INFO | process_resume:68 | Starting complete resume processing: C:\Users\User\OneDrive\Documents\VS CODE\VERITAS\data\resume-sample.pdf
2026-02-19 12:06:56 | src.extraction.resume_parser | INFO | parse_pdf:26 | Parsing resume from: C:\Users\User\OneDrive\Documents\VS CODE\VERITAS\data\resume-sample.pdf
2026-02-19 12:06:56 | src.extraction.resume_parser | INFO | parse_pdf:37 | Successfully parsed PDF: 1 pages, 3566 characters
2026-02-19 12:06:56 | src.extraction.resume_parser | INFO | parse_text:46 | Normalizing resume text
2026-02-19 12:06:56 | src.extraction.resume_parser | INFO | parse_text:54 | Text normalization complete: 3445 characters
2026-02-19 12:06:56 | src.extraction.resume_parser | INFO | chunk_resume:59 | Chunking resume text
2026-02-19 12:06:56 | src.extraction.resume_parser | INFO | chunk_resume:62 | Created 10 chunks
2026-02-19 12:06:56 | src.extraction.resume_parser | INFO | process_resume:88 | Resume processing complete: 10 chunks created
2026-02-19 12:07:07 | src.extraction.resume_parser | INFO | __init__:22 | ResumeParser initialized with chunk_size=400, overlap=50
2026-02-19 12:07:07 | src.extraction.resume_parser | INFO | process_resume:68 | Starting complete resume processing: C:\Users\User\OneDrive\Documents\VS CODE\VERITAS\data\resume-sample.pdf
2026-02-19 12:07:07 | src.extraction.resume_parser | INFO | parse_pdf:26 | Parsing resume from: C:\Users\User\OneDrive\Documents\VS CODE\VERITAS\data\resume-sample.pdf
2026-02-19 12:07:08 | src.extraction.resume_parser | INFO | parse_pdf:37 | Successfully parsed PDF: 1 pages, 3566 characters
2026-02-19 12:07:08 | src.extraction.resume_parser | INFO | parse_text:46 | Normalizing resume text
2026-02-19 12:07:08 | src.extraction.resume_parser | INFO | parse_text:54 | Text normalization complete: 3445 characters
2026-02-19 12:07:08 | src.extraction.resume_parser | INFO | chunk_resume:59 | Chunking resume text
2026-02-19 12:07:08 | src.extraction.resume_parser | INFO | chunk_resume:62 | Created 10 chunks
2026-02-19 12:07:08 | src.extraction.resume_parser | INFO | process_resume:88 | Resume processing complete: 10 chunks created
2026-02-19 12:09:40 | src.extraction.resume_parser | INFO | __init__:22 | ResumeParser initialized with chunk_size=400, overlap=50
2026-02-19 12:09:40 | src.extraction.resume_parser | INFO | process_resume:68 | Starting complete resume processing: C:\Users\User\OneDrive\Documents\VS CODE\VERITAS\data\resume-sample.pdf
2026-02-19 12:09:40 | src.extraction.resume_parser | INFO | parse_pdf:26 | Parsing resume from: C:\Users\User\OneDrive\Documents\VS CODE\VERITAS\data\resume-sample.pdf
2026-02-19 12:09:40 | src.extraction.resume_parser | INFO | parse_pdf:37 | Successfully parsed PDF: 1 pages, 3566 characters
2026-02-19 12:09:40 | src.extraction.resume_parser | INFO | parse_text:46 | Normalizing resume text
2026-02-19 12:09:40 | src.extraction.resume_parser | INFO | parse_text:54 | Text normalization complete: 3445 characters
2026-02-19 12:09:40 | src.extraction.resume_parser | INFO | chunk_resume:59 | Chunking resume text
2026-02-19 12:09:40 | src.extraction.resume_parser | INFO | chunk_resume:62 | Created 10 chunks
2026-02-19 12:09:40 | src.extraction.resume_parser | INFO | process_resume:88 | Resume processing complete: 10 chunks created
2026-02-19 12:16:52 | src.extraction.resume_parser | INFO | __init__:22 | ResumeParser initialized with chunk_size=400, overlap=50
2026-02-19 12:16:52 | src.extraction.resume_parser | INFO | process_resume:68 | Starting complete resume processing: C:\Users\User\OneDrive\Documents\VS CODE\VERITAS\data\resume-sample.pdf
2026-02-19 12:16:52 | src.extraction.resume_parser | INFO | parse_pdf:26 | Parsing resume from: C:\Users\User\OneDrive\Documents\VS CODE\VERITAS\data\resume-sample.pdf
2026-02-19 12:16:52 | src.extraction.resume_parser | INFO | parse_pdf:37 | Successfully parsed PDF: 1 pages, 3566 characters
2026-02-19 12:16:52 | src.extraction.resume_parser | INFO | parse_text:46 | Normalizing resume text
2026-02-19 12:16:52 | src.extraction.resume_parser | INFO | parse_text:54 | Text normalization complete: 3445 characters
2026-02-19 12:16:52 | src.extraction.resume_parser | INFO | chunk_resume:59 | Chunking resume text
2026-02-19 12:16:52 | src.extraction.resume_parser | INFO | chunk_resume:62 | Created 10 chunks
2026-02-19 12:16:52 | src.extraction.resume_parser | INFO | process_resume:88 | Resume processing complete: 10 chunks created
2026-02-19 13:49:06 | src.extraction.resume_parser | INFO | __init__:22 | ResumeParser initialized with chunk_size=400, overlap=50
2026-02-19 13:49:06 | src.extraction.resume_parser | INFO | process_resume:68 | Starting complete resume processing: C:\Users\User\OneDrive\Documents\VS CODE\VERITAS\data\resume-sample.pdf
2026-02-19 13:49:06 | src.extraction.resume_parser | INFO | parse_pdf:26 | Parsing resume from: C:\Users\User\OneDrive\Documents\VS CODE\VERITAS\data\resume-sample.pdf
2026-02-19 13:49:07 | src.extraction.resume_parser | INFO | parse_pdf:37 | Successfully parsed PDF: 1 pages, 3566 characters
2026-02-19 13:49:07 | src.extraction.resume_parser | INFO | parse_text:46 | Normalizing resume text
2026-02-19 13:49:07 | src.extraction.resume_parser | INFO | parse_text:54 | Text normalization complete: 3445 characters
2026-02-19 13:49:07 | src.extraction.resume_parser | INFO | chunk_resume:59 | Chunking resume text
2026-02-19 13:49:07 | src.extraction.resume_parser | INFO | chunk_resume:62 | Created 10 chunks
2026-02-19 13:49:07 | src.extraction.resume_parser | INFO | process_resume:88 | Resume processing complete: 10 chunks created
2026-02-19 17:07:58 | src.extraction.resume_parser | INFO | __init__:22 | ResumeParser initialized with chunk_size=400, overlap=50
2026-02-19 17:07:58 | src.extraction.resume_parser | INFO | process_resume:68 | Starting complete resume processing: C:\Users\User\OneDrive\Documents\VS CODE\VERITAS\data\resume-sample.pdf
2026-02-19 17:07:58 | src.extraction.resume_parser | INFO | parse_pdf:26 | Parsing resume from: C:\Users\User\OneDrive\Documents\VS CODE\VERITAS\data\resume-sample.pdf
2026-02-19 17:08:00 | src.extraction.resume_parser | INFO | parse_pdf:37 | Successfully parsed PDF: 1 pages, 3566 characters
2026-02-19 17:08:00 | src.extraction.resume_parser | INFO | parse_text:46 | Normalizing resume text
2026-02-19 17:08:00 | src.extraction.resume_parser | INFO | parse_text:54 | Text normalization complete: 3445 characters
2026-02-19 17:08:00 | src.extraction.resume_parser | INFO | chunk_resume:59 | Chunking resume text
2026-02-19 17:08:00 | src.extraction.resume_parser | INFO | chunk_resume:62 | Created 10 chunks
2026-02-19 17:08:00 | src.extraction.resume_parser | INFO | process_resume:88 | Resume processing complete: 10 chunks created
2026-02-19 17:21:35 | src.extraction.resume_parser | INFO | __init__:22 | ResumeParser initialized with chunk_size=400, overlap=50
2026-02-19 17:21:35 | src.extraction.resume_parser | INFO | process_resume:68 | Starting complete resume processing: C:\Users\User\OneDrive\Documents\VS CODE\VERITAS\data\Nishita_Sharma.pdf
2026-02-19 17:21:35 | src.extraction.resume_parser | INFO | parse_pdf:26 | Parsing resume from: C:\Users\User\OneDrive\Documents\VS CODE\VERITAS\data\Nishita_Sharma.pdf
2026-02-19 17:21:35 | src.extraction.resume_parser | INFO | parse_pdf:37 | Successfully parsed PDF: 1 pages, 2491 characters
2026-02-19 17:21:35 | src.extraction.resume_parser | INFO | parse_text:46 | Normalizing resume text
2026-02-19 17:21:35 | src.extraction.resume_parser | INFO | parse_text:54 | Text normalization complete: 2417 characters
2026-02-19 17:21:35 | src.extraction.resume_parser | INFO | chunk_resume:59 | Chunking resume text
2026-02-19 17:21:35 | src.extraction.resume_parser | INFO | chunk_resume:62 | Created 7 chunks
2026-02-19 17:21:35 | src.extraction.resume_parser | INFO | process_resume:88 | Resume processing complete: 7 chunks created
2026-02-19 17:35:20 | src.extraction.resume_parser | INFO | __init__:22 | ResumeParser initialized with chunk_size=400, overlap=50
2026-02-19 17:35:20 | src.extraction.resume_parser | INFO | process_resume:68 | Starting complete resume processing: C:\Users\User\OneDrive\Documents\VS CODE\VERITAS\data\Nishita_Sharma.pdf
2026-02-19 17:35:20 | src.extraction.resume_parser | INFO | parse_pdf:26 | Parsing resume from: C:\Users\User\OneDrive\Documents\VS CODE\VERITAS\data\Nishita_Sharma.pdf
2026-02-19 17:35:20 | src.extraction.resume_parser | INFO | parse_pdf:37 | Successfully parsed PDF: 1 pages, 2491 characters
2026-02-19 17:35:20 | src.extraction.resume_parser | INFO | parse_text:46 | Normalizing resume text
2026-02-19 17:35:20 | src.extraction.resume_parser | INFO | parse_text:54 | Text normalization complete: 2417 characters
2026-02-19 17:35:20 | src.extraction.resume_parser | INFO | chunk_resume:59 | Chunking resume text
2026-02-19 17:35:20 | src.extraction.resume_parser | INFO | chunk_resume:62 | Created 7 chunks
2026-02-19 17:35:20 | src.extraction.resume_parser | INFO | process_resume:88 | Resume processing complete: 7 chunks created
2026-02-19 17:40:32 | src.extraction.resume_parser | INFO | __init__:22 | ResumeParser initialized with chunk_size=400, overlap=50
2026-02-19 17:40:32 | src.extraction.resume_parser | INFO | process_resume:68 | Starting complete resume processing: C:\Users\User\OneDrive\Documents\VS CODE\VERITAS\data\Nishita_Sharma.pdf
2026-02-19 17:40:32 | src.extraction.resume_parser | INFO | parse_pdf:26 | Parsing resume from: C:\Users\User\OneDrive\Documents\VS CODE\VERITAS\data\Nishita_Sharma.pdf
2026-02-19 17:40:33 | src.extraction.resume_parser | INFO | parse_pdf:37 | Successfully parsed PDF: 1 pages, 2491 characters
2026-02-19 17:40:33 | src.extraction.resume_parser | INFO | parse_text:46 | Normalizing resume text
2026-02-19 17:40:33 | src.extraction.resume_parser | INFO | parse_text:54 | Text normalization complete: 2417 characters
2026-02-19 17:40:33 | src.extraction.resume_parser | INFO | chunk_resume:59 | Chunking resume text
2026-02-19 17:40:33 | src.extraction.resume_parser | INFO | chunk_resume:62 | Created 7 chunks
2026-02-19 17:40:33 | src.extraction.resume_parser | INFO | process_resume:88 | Resume processing complete: 7 chunks created
2026-02-19 17:49:51 | src.extraction.resume_parser | INFO | __init__:22 | ResumeParser initialized with chunk_size=400, overlap=50
2026-02-19 17:49:51 | src.extraction.resume_parser | INFO | process_resume:68 | Starting complete resume processing: C:\Users\User\OneDrive\Documents\VS CODE\VERITAS\data\Nishita_Sharma.pdf
2026-02-19 17:49:51 | src.extraction.resume_parser | INFO | parse_pdf:26 | Parsing resume from: C:\Users\User\OneDrive\Documents\VS CODE\VERITAS\data\Nishita_Sharma.pdf
2026-02-19 17:49:52 | src.extraction.resume_parser | INFO | parse_pdf:37 | Successfully parsed PDF: 1 pages, 2491 characters
2026-02-19 17:49:52 | src.extraction.resume_parser | INFO | parse_text:46 | Normalizing resume text
2026-02-19 17:49:52 | src.extraction.resume_parser | INFO | parse_text:54 | Text normalization complete: 2417 characters
2026-02-19 17:49:52 | src.extraction.resume_parser | INFO | chunk_resume:59 | Chunking resume text
2026-02-19 17:49:52 | src.extraction.resume_parser | INFO | chunk_resume:62 | Created 7 chunks
2026-02-19 17:49:52 | src.extraction.resume_parser | INFO | process_resume:88 | Resume processing complete: 7 chunks created
2026-02-19 17:55:01 | src.extraction.resume_parser | INFO | __init__:22 | ResumeParser initialized with chunk_size=400, overlap=50
2026-02-19 17:55:01 | src.extraction.resume_parser | INFO | process_resume:68 | Starting complete resume processing: C:\Users\User\OneDrive\Documents\VS CODE\VERITAS\data\Nishita_Sharma.pdf
2026-02-19 17:55:01 | src.extraction.resume_parser | INFO | parse_pdf:26 | Parsing resume from: C:\Users\User\OneDrive\Documents\VS CODE\VERITAS\data\Nishita_Sharma.pdf
2026-02-19 17:55:01 | src.extraction.resume_parser | INFO | parse_pdf:37 | Successfully parsed PDF: 1 pages, 2491 characters
2026-02-19 17:55:01 | src.extraction.resume_parser | INFO | parse_text:46 | Normalizing resume text
2026-02-19 17:55:01 | src.extraction.resume_parser | INFO | parse_text:54 | Text normalization complete: 2417 characters
2026-02-19 17:55:01 | src.extraction.resume_parser | INFO | chunk_resume:59 | Chunking resume text
2026-02-19 17:55:01 | src.extraction.resume_parser | INFO | chunk_resume:62 | Created 7 chunks
2026-02-19 17:55:01 | src.extraction.resume_parser | INFO | process_resume:88 | Resume processing complete: 7 chunks created
2026-02-20 09:32:09 | src.extraction.resume_parser | INFO | __init__:22 | ResumeParser initialized with chunk_size=400, overlap=50
2026-02-20 09:32:09 | src.extraction.resume_parser | INFO | process_resume:68 | Starting complete resume processing: C:\Users\User\OneDrive\Documents\VS CODE\VERITAS\data\nishita_resume.pdf
2026-02-20 09:32:09 | src.extraction.resume_parser | INFO | parse_pdf:26 | Parsing resume from: C:\Users\User\OneDrive\Documents\VS CODE\VERITAS\data\nishita_resume.pdf
2026-02-20 09:32:09 | src.extraction.resume_parser | INFO | parse_pdf:37 | Successfully parsed PDF: 1 pages, 2416 characters
2026-02-20 09:32:09 | src.extraction.resume_parser | INFO | parse_text:46 | Normalizing resume text
2026-02-20 09:32:09 | src.extraction.resume_parser | INFO | parse_text:54 | Text normalization complete: 2343 characters
2026-02-20 09:32:09 | src.extraction.resume_parser | INFO | chunk_resume:59 | Chunking resume text
2026-02-20 09:32:09 | src.extraction.resume_parser | INFO | chunk_resume:62 | Created 7 chunks
2026-02-20 09:32:09 | src.extraction.resume_parser | INFO | process_resume:88 | Resume processing complete: 7 chunks created
2026-02-20 09:42:41 | src.extraction.resume_parser | INFO | __init__:22 | ResumeParser initialized with chunk_size=400, overlap=50
2026-02-20 09:42:41 | src.extraction.resume_parser | INFO | process_resume:68 | Starting complete resume processing: C:\Users\User\OneDrive\Documents\VS CODE\VERITAS\data\resume-sample.pdf
2026-02-20 09:42:41 | src.extraction.resume_parser | INFO | parse_pdf:26 | Parsing resume from: C:\Users\User\OneDrive\Documents\VS CODE\VERITAS\data\resume-sample.pdf
2026-02-20 09:42:42 | src.extraction.resume_parser | INFO | parse_pdf:37 | Successfully parsed PDF: 1 pages, 3566 characters
2026-02-20 09:42:42 | src.extraction.resume_parser | INFO | parse_text:46 | Normalizing resume text
2026-02-20 09:42:42 | src.extraction.resume_parser | INFO | parse_text:54 | Text normalization complete: 3445 characters
2026-02-20 09:42:42 | src.extraction.resume_parser | INFO | chunk_resume:59 | Chunking resume text
2026-02-20 09:42:42 | src.extraction.resume_parser | INFO | chunk_resume:62 | Created 10 chunks
2026-02-20 09:42:42 | src.extraction.resume_parser | INFO | process_resume:88 | Resume processing complete: 10 chunks created
2026-02-20 10:28:14 | src.extraction.resume_parser | INFO | __init__:22 | ResumeParser initialized with chunk_size=400, overlap=50
2026-02-20 10:28:14 | src.extraction.resume_parser | INFO | process_resume:68 | Starting complete resume processing: C:\Users\User\OneDrive\Documents\VS CODE\VERITAS\data\resume-sample.pdf
2026-02-20 10:28:14 | src.extraction.resume_parser | INFO | parse_pdf:26 | Parsing resume from: C:\Users\User\OneDrive\Documents\VS CODE\VERITAS\data\resume-sample.pdf
2026-02-20 10:28:14 | src.extraction.resume_parser | INFO | parse_pdf:37 | Successfully parsed PDF: 1 pages, 3566 characters
2026-02-20 10:28:14 | src.extraction.resume_parser | INFO | parse_text:46 | Normalizing resume text
2026-02-20 10:28:14 | src.extraction.resume_parser | INFO | parse_text:54 | Text normalization complete: 3445 characters
2026-02-20 10:28:14 | src.extraction.resume_parser | INFO | chunk_resume:59 | Chunking resume text
2026-02-20 10:28:14 | src.extraction.resume_parser | INFO | chunk_resume:62 | Created 10 chunks
2026-02-20 10:28:14 | src.extraction.resume_parser | INFO | process_resume:88 | Resume processing complete: 10 chunks created
2026-02-20 10:32:55 | src.extraction.resume_parser | INFO | __init__:22 | ResumeParser initialized with chunk_size=400, overlap=50
2026-02-20 10:32:55 | src.extraction.resume_parser | INFO | process_resume:68 | Starting complete resume processing: C:\Users\User\OneDrive\Documents\VS CODE\VERITAS\data\resume-sample.pdf
2026-02-20 10:32:55 | src.extraction.resume_parser | INFO | parse_pdf:26 | Parsing resume from: C:\Users\User\OneDrive\Documents\VS CODE\VERITAS\data\resume-sample.pdf
2026-02-20 10:32:56 | src.extraction.resume_parser | INFO | parse_pdf:37 | Successfully parsed PDF: 1 pages, 3566 characters
2026-02-20 10:32:56 | src.extraction.resume_parser | INFO | parse_text:46 | Normalizing resume text
2026-02-20 10:32:56 | src.extraction.resume_parser | INFO | parse_text:54 | Text normalization complete: 3445 characters
2026-02-20 10:32:56 | src.extraction.resume_parser | INFO | chunk_resume:59 | Chunking resume text
2026-02-20 10:32:56 | src.extraction.resume_parser | INFO | chunk_resume:62 | Created 10 chunks
2026-02-20 10:32:56 | src.extraction.resume_parser | INFO | process_resume:88 | Resume processing complete: 10 chunks created
2026-02-20 10:35:29 | src.extraction.resume_parser | INFO | __init__:22 | ResumeParser initialized with chunk_size=400, overlap=50
2026-02-20 10:35:29 | src.extraction.resume_parser | INFO | process_resume:68 | Starting complete resume processing: C:\Users\User\OneDrive\Documents\VS CODE\VERITAS\data\resume-sample.pdf
2026-02-20 10:35:29 | src.extraction.resume_parser | INFO | parse_pdf:26 | Parsing resume from: C:\Users\User\OneDrive\Documents\VS CODE\VERITAS\data\resume-sample.pdf
2026-02-20 10:35:30 | src.extraction.resume_parser | INFO | parse_pdf:37 | Successfully parsed PDF: 1 pages, 3566 characters
2026-02-20 10:35:30 | src.extraction.resume_parser | INFO | parse_text:46 | Normalizing resume text
2026-02-20 10:35:30 | src.extraction.resume_parser | INFO | parse_text:54 | Text normalization complete: 3445 characters
2026-02-20 10:35:30 | src.extraction.resume_parser | INFO | chunk_resume:59 | Chunking resume text
2026-02-20 10:35:30 | src.extraction.resume_parser | INFO | chunk_resume:62 | Created 10 chunks
2026-02-20 10:35:30 | src.extraction.resume_parser | INFO | process_resume:88 | Resume processing complete: 10 chunks created
2026-02-20 10:37:09 | src.extraction.resume_parser | INFO | __init__:22 | ResumeParser initialized with chunk_size=400, overlap=50
2026-02-20 10:37:09 | src.extraction.resume_parser | INFO | process_resume:68 | Starting complete resume processing: C:\Users\User\OneDrive\Documents\VS CODE\VERITAS\data\resume-sample.pdf
2026-02-20 10:37:09 | src.extraction.resume_parser | INFO | parse_pdf:26 | Parsing resume from: C:\Users\User\OneDrive\Documents\VS CODE\VERITAS\data\resume-sample.pdf
2026-02-20 10:37:09 | src.extraction.resume_parser | INFO | parse_pdf:37 | Successfully parsed PDF: 1 pages, 3566 characters
2026-02-20 10:37:09 | src.extraction.resume_parser | INFO | parse_text:46 | Normalizing resume text
2026-02-20 10:37:09 | src.extraction.resume_parser | INFO | parse_text:54 | Text normalization complete: 3445 characters
2026-02-20 10:37:09 | src.extraction.resume_parser | INFO | chunk_resume:59 | Chunking resume text
2026-02-20 10:37:09 | src.extraction.resume_parser | INFO | chunk_resume:62 | Created 10 chunks
2026-02-20 10:37:09 | src.extraction.resume_parser | INFO | process_resume:88 | Resume processing complete: 10 chunks created
2026-02-20 10:40:12 | src.extraction.resume_parser | INFO | __init__:22 | ResumeParser initialized with chunk_size=400, overlap=50
2026-02-20 10:40:12 | src.extraction.resume_parser | INFO | process_resume:68 | Starting complete resume processing: C:\Users\User\OneDrive\Documents\VS CODE\VERITAS\data\resume-sample.pdf
2026-02-20 10:40:12 | src.extraction.resume_parser | INFO | parse_pdf:26 | Parsing resume from: C:\Users\User\OneDrive\Documents\VS CODE\VERITAS\data\resume-sample.pdf
2026-02-20 10:40:12 | src.extraction.resume_parser | INFO | parse_pdf:37 | Successfully parsed PDF: 1 pages, 3566 characters
2026-02-20 10:40:12 | src.extraction.resume_parser | INFO | parse_text:46 | Normalizing resume text
2026-02-20 10:40:12 | src.extraction.resume_parser | INFO | parse_text:54 | Text normalization complete: 3445 characters
2026-02-20 10:40:12 | src.extraction.resume_parser | INFO | chunk_resume:59 | Chunking resume text
2026-02-20 10:40:12 | src.extraction.resume_parser | INFO | chunk_resume:62 | Created 10 chunks
2026-02-20 10:40:12 | src.extraction.resume_parser | INFO | process_resume:88 | Resume processing complete: 10 chunks created
2026-02-20 11:46:02 | src.extraction.resume_parser | INFO | __init__:22 | ResumeParser initialized with chunk_size=400, overlap=50
2026-02-20 11:46:02 | src.extraction.resume_parser | INFO | process_resume:68 | Starting complete resume processing: C:\Users\User\OneDrive\Documents\VS CODE\VERITAS\data\resume-sample.pdf
2026-02-20 11:46:02 | src.extraction.resume_parser | INFO | parse_pdf:26 | Parsing resume from: C:\Users\User\OneDrive\Documents\VS CODE\VERITAS\data\resume-sample.pdf
2026-02-20 11:46:02 | src.extraction.resume_parser | INFO | parse_pdf:37 | Successfully parsed PDF: 1 pages, 3566 characters
2026-02-20 11:46:02 | src.extraction.resume_parser | INFO | parse_text:46 | Normalizing resume text
2026-02-20 11:46:02 | src.extraction.resume_parser | INFO | parse_text:54 | Text normalization complete: 3445 characters
2026-02-20 11:46:02 | src.extraction.resume_parser | INFO | chunk_resume:59 | Chunking resume text
2026-02-20 11:46:02 | src.extraction.resume_parser | INFO | chunk_resume:62 | Created 10 chunks
2026-02-20 11:46:02 | src.extraction.resume_parser | INFO | process_resume:88 | Resume processing complete: 10 chunks created
2026-02-20 11:51:13 | src.extraction.resume_parser | INFO | __init__:22 | ResumeParser initialized with chunk_size=400, overlap=50
2026-02-20 11:51:13 | src.extraction.resume_parser | INFO | process_resume:68 | Starting complete resume processing: C:\Users\User\OneDrive\Documents\VS CODE\VERITAS\data\resume-sample.pdf
2026-02-20 11:51:13 | src.extraction.resume_parser | INFO | parse_pdf:26 | Parsing resume from: C:\Users\User\OneDrive\Documents\VS CODE\VERITAS\data\resume-sample.pdf
2026-02-20 11:51:14 | src.extraction.resume_parser | INFO | parse_pdf:37 | Successfully parsed PDF: 1 pages, 3566 characters
2026-02-20 11:51:14 | src.extraction.resume_parser | INFO | parse_text:46 | Normalizing resume text
2026-02-20 11:51:14 | src.extraction.resume_parser | INFO | parse_text:54 | Text normalization complete: 3445 characters
2026-02-20 11:51:14 | src.extraction.resume_parser | INFO | chunk_resume:59 | Chunking resume text
2026-02-20 11:51:14 | src.extraction.resume_parser | INFO | chunk_resume:62 | Created 10 chunks
2026-02-20 11:51:14 | src.extraction.resume_parser | INFO | process_resume:88 | Resume processing complete: 10 chunks created
2026-05-19 17:26:55 | src.extraction.resume_parser | INFO | __init__:22 | ResumeParser initialized with chunk_size=400, overlap=50
2026-05-19 17:26:55 | src.extraction.resume_parser | INFO | process_resume:68 | Starting complete resume processing: C:\Users\User\OneDrive\Documents\VS CODE\VERITAS\data\resume-sample.pdf
2026-05-19 17:26:55 | src.extraction.resume_parser | INFO | parse_pdf:26 | Parsing resume from: C:\Users\User\OneDrive\Documents\VS CODE\VERITAS\data\resume-sample.pdf
2026-05-19 17:26:56 | src.extraction.resume_parser | INFO | parse_pdf:37 | Successfully parsed PDF: 1 pages, 3566 characters
2026-05-19 17:26:56 | src.extraction.resume_parser | INFO | parse_text:46 | Normalizing resume text
2026-05-19 17:26:56 | src.extraction.resume_parser | INFO | parse_text:54 | Text normalization complete: 3445 characters
2026-05-19 17:26:56 | src.extraction.resume_parser | INFO | chunk_resume:59 | Chunking resume text
2026-05-19 17:26:56 | src.extraction.resume_parser | INFO | chunk_resume:62 | Created 10 chunks
2026-05-19 17:26:56 | src.extraction.resume_parser | INFO | process_resume:88 | Resume processing complete: 10 chunks created
2026-08-09 13:20:54 | src.extraction.resume_parser | INFO | __init__:22 | ResumeParser initialized with chunk_size=400, overlap=50
2026-08-09 13:20:54 | src.extraction.resume_parser | INFO | process_resume:68 | Starting complete resume processing: C:\Users\User\OneDrive\Documents\VS CODE\VERITAS\data\NISHITA_RESUME.pdf
2026-08-09 13:20:54 | src.extraction.resume_parser | INFO | parse_pdf:26 | Parsing resume from: C:\Users\User\OneDrive\Documents\VS CODE\VERITAS\data\NISHITA_RESUME.pdf
2026-08-09 13:20:55 | src.extraction.resume_parser | INFO | parse_pdf:37 | Successfully parsed PDF: 1 pages, 4058 characters
2026-08-09 13:20:55 | src.extraction.resume_parser | INFO | parse_text:46 | Normalizing resume text
2026-08-09 13:20:55 | src.extraction.resume_parser | INFO | parse_text:54 | Text normalization complete: 3450 characters
2026-08-09 13:20:55 | src.extraction.resume_parser | INFO | chunk_resume:59 | Chunking resume text
2026-08-09 13:20:55 | src.extraction.resume_parser | INFO | chunk_resume:62 | Created 10 chunks
2026-08-09 13:20:55 | src.extraction.resume_parser | INFO | process_resume:88 | Resume processing complete: 10 chunks created
2026-08-09 13:21:25 | src.extraction.resume_parser | INFO | __init__:22 | ResumeParser initialized with chunk_size=400, overlap=50
2026-08-09 13:21:25 | src.extraction.resume_parser | INFO | process_resume:68 | Starting complete resume processing: C:\Users\User\OneDrive\Documents\VS CODE\VERITAS\data\NISHITA_RESUME.pdf
2026-08-09 13:21:25 | src.extraction.resume_parser | INFO | parse_pdf:26 | Parsing resume from: C:\Users\User\OneDrive\Documents\VS CODE\VERITAS\data\NISHITA_RESUME.pdf
2026-08-09 13:21:25 | src.extraction.resume_parser | INFO | parse_pdf:37 | Successfully parsed PDF: 1 pages, 4058 characters
2026-08-09 13:21:25 | src.extraction.resume_parser | INFO | parse_text:46 | Normalizing resume text
2026-08-09 13:21:25 | src.extraction.resume_parser | INFO | parse_text:54 | Text normalization complete: 3450 characters
2026-08-09 13:21:25 | src.extraction.resume_parser | INFO | chunk_resume:59 | Chunking resume text
2026-08-09 13:21:25 | src.extraction.resume_parser | INFO | chunk_resume:62 | Created 10 chunks
2026-08-09 13:21:25 | src.extraction.resume_parser | INFO | process_resume:88 | Resume processing complete: 10 chunks created
2026-08-09 13:35:21 | src.extraction.resume_parser | INFO | __init__:22 | ResumeParser initialized with chunk_size=400, overlap=50
2026-08-09 13:35:21 | src.extraction.resume_parser | INFO | process_resume:68 | Starting complete resume processing: C:\Users\User\OneDrive\Documents\VS CODE\VERITAS\data\NISHITA_RESUME.pdf
2026-08-09 13:35:21 | src.extraction.resume_parser | INFO | parse_pdf:26 | Parsing resume from: C:\Users\User\OneDrive\Documents\VS CODE\VERITAS\data\NISHITA_RESUME.pdf
2026-08-09 13:35:22 | src.extraction.resume_parser | INFO | parse_pdf:37 | Successfully parsed PDF: 1 pages, 4058 characters
2026-08-09 13:35:22 | src.extraction.resume_parser | INFO | parse_text:46 | Normalizing resume text
2026-08-09 13:35:22 | src.extraction.resume_parser | INFO | parse_text:54 | Text normalization complete: 3450 characters
2026-08-09 13:35:22 | src.extraction.resume_parser | INFO | chunk_resume:59 | Chunking resume text
2026-08-09 13:35:22 | src.extraction.resume_parser | INFO | chunk_resume:62 | Created 10 chunks
2026-08-09 13:35:22 | src.extraction.resume_parser | INFO | process_resume:88 | Resume processing complete: 10 chunks created
2026-08-10 10:03:44 | src.extraction.resume_parser | INFO | __init__:22 | ResumeParser initialized with chunk_size=400, overlap=50
2026-08-10 10:03:44 | src.extraction.resume_parser | INFO | process_resume:68 | Starting complete resume processing: C:\Users\User\OneDrive\Documents\VS CODE\VERITAS\data\NISHITA_RESUME.pdf
2026-08-10 10:03:44 | src.extraction.resume_parser | INFO | parse_pdf:26 | Parsing resume from: C:\Users\User\OneDrive\Documents\VS CODE\VERITAS\data\NISHITA_RESUME.pdf
2026-08-10 10:03:46 | src.extraction.resume_parser | INFO | parse_pdf:37 | Successfully parsed PDF: 1 pages, 4058 characters
2026-08-10 10:03:46 | src.extraction.resume_parser | INFO | parse_text:46 | Normalizing resume text
2026-08-10 10:03:46 | src.extraction.resume_parser | INFO | parse_text:54 | Text normalization complete: 3450 characters
2026-08-10 10:03:46 | src.extraction.resume_parser | INFO | chunk_resume:59 | Chunking resume text
2026-08-10 10:03:46 | src.extraction.resume_parser | INFO | chunk_resume:62 | Created 10 chunks
2026-08-10 10:03:46 | src.extraction.resume_parser | INFO | process_resume:88 | Resume processing complete: 10 chunks created
2026-08-10 12:49:46 | src.extraction.resume_parser | INFO | __init__:22 | ResumeParser initialized with chunk_size=400, overlap=50
2026-08-10 12:49:46 | src.extraction.resume_parser | INFO | process_resume:68 | Starting complete resume processing: C:\Users\User\OneDrive\Documents\VS CODE\VERITAS\data\NISHITA_RESUME.pdf
2026-08-10 12:49:46 | src.extraction.resume_parser | INFO | parse_pdf:26 | Parsing resume from: C:\Users\User\OneDrive\Documents\VS CODE\VERITAS\data\NISHITA_RESUME.pdf
2026-08-10 12:49:46 | src.extraction.resume_parser | INFO | parse_pdf:37 | Successfully parsed PDF: 1 pages, 4058 characters
2026-08-10 12:49:46 | src.extraction.resume_parser | INFO | parse_text:46 | Normalizing resume text
2026-08-10 12:49:46 | src.extraction.resume_parser | INFO | parse_text:54 | Text normalization complete: 3450 characters
2026-08-10 12:49:46 | src.extraction.resume_parser | INFO | chunk_resume:59 | Chunking resume text
2026-08-10 12:49:46 | src.extraction.resume_parser | INFO | chunk_resume:62 | Created 10 chunks
2026-08-10 12:49:46 | src.extraction.resume_parser | INFO | process_resume:88 | Resume processing complete: 10 chunks created
2026-08-10 14:01:58 | src.extraction.resume_parser | INFO | __init__:31 | ResumeParser initialized with chunk_size=400, overlap=50
2026-08-10 14:01:58 | src.extraction.resume_parser | INFO | process_resume:137 | Starting complete resume processing
2026-08-10 14:01:58 | src.extraction.resume_parser | INFO | parse_pdf:36 | Parsing resume from: C:\Users\User\OneDrive\Documents\VS CODE\VERITAS\data\NISHITA_RESUME.pdf
2026-08-10 14:01:58 | src.extraction.resume_parser | INFO | parse_pdf:46 | Successfully parsed PDF: 1 pages, 4058 characters
2026-08-10 14:01:58 | src.extraction.resume_parser | INFO | parse_text:109 | Normalizing resume text
2026-08-10 14:01:58 | src.extraction.resume_parser | INFO | parse_text:119 | Text normalization complete: 3560 characters
2026-08-10 14:01:58 | src.extraction.resume_parser | INFO | chunk_resume:125 | Chunking resume text
2026-08-10 14:01:58 | src.extraction.resume_parser | INFO | chunk_resume:131 | Created 13 chunks
2026-08-10 14:01:58 | src.extraction.resume_parser | INFO | process_resume:166 | Resume processing complete: 13 chunks created
