2026-02-19 11:58:31 | src.verification.verification_engine | INFO | __init__:22 | VerificationEngine initialized
2026-02-19 11:58:31 | src.verification.verification_engine | INFO | verify_all_claims:30 | Starting comprehensive claim verification
2026-02-19 11:58:31 | src.verification.verification_engine | INFO | verify_all_claims:76 | Comprehensive verification complete
2026-02-19 12:04:18 | src.verification.verification_engine | INFO | __init__:22 | VerificationEngine initialized
2026-02-19 12:04:18 | src.verification.verification_engine | INFO | verify_all_claims:30 | Starting comprehensive claim verification
2026-02-19 12:04:18 | src.verification.verification_engine | INFO | verify_all_claims:76 | Comprehensive verification complete
2026-02-19 12:17:47 | src.verification.verification_engine | INFO | __init__:22 | VerificationEngine initialized
2026-02-19 12:17:47 | src.verification.verification_engine | INFO | verify_all_claims:30 | Starting comprehensive claim verification
2026-02-19 12:17:47 | src.verification.verification_engine | INFO | verify_all_claims:43 | Running GitHub verification for deep-mm
2026-02-19 12:18:23 | src.verification.verification_engine | INFO | verify_all_claims:57 | Running tech consistency check
2026-02-19 12:18:23 | src.verification.verification_engine | INFO | verify_all_claims:64 | Running timeline validation
2026-02-19 12:18:23 | src.verification.verification_engine | INFO | verify_all_claims:76 | Comprehensive verification complete
2026-02-19 13:50:03 | src.verification.verification_engine | INFO | __init__:22 | VerificationEngine initialized
2026-02-19 13:50:03 | src.verification.verification_engine | INFO | verify_all_claims:30 | Starting comprehensive claim verification
2026-02-19 13:50:03 | src.verification.verification_engine | INFO | verify_all_claims:43 | Running GitHub verification for deep-mm
2026-02-19 13:50:15 | src.verification.verification_engine | INFO | verify_all_claims:57 | Running tech consistency check
2026-02-19 13:50:21 | src.verification.verification_engine | INFO | verify_all_claims:64 | Running timeline validation
2026-02-19 13:50:22 | src.verification.verification_engine | INFO | verify_all_claims:76 | Comprehensive verification complete
2026-02-19 17:10:09 | src.verification.verification_engine | INFO | __init__:24 | VerificationEngine initialized
2026-02-19 17:10:09 | src.verification.verification_engine | INFO | verify_all_claims:32 | Starting comprehensive claim verification
2026-02-19 17:10:09 | src.verification.verification_engine | INFO | verify_all_claims:46 | Running GitHub verification for deep-mm
2026-02-19 17:10:21 | src.verification.verification_engine | INFO | verify_all_claims:60 | Running tech consistency check
2026-02-19 17:10:27 | src.verification.verification_engine | INFO | verify_all_claims:67 | Running timeline validation
2026-02-19 17:10:27 | src.verification.verification_engine | INFO | verify_all_claims:73 | Running competitive programming verification
2026-02-19 17:10:27 | src.verification.verification_engine | INFO | verify_all_claims:85 | Comprehensive verification complete
2026-02-19 17:22:42 | src.verification.verification_engine | INFO | __init__:24 | VerificationEngine initialized
2026-02-19 17:22:42 | src.verification.verification_engine | INFO | verify_all_claims:32 | Starting comprehensive claim verification
2026-02-19 17:22:42 | src.verification.verification_engine | INFO | verify_all_claims:59 | Running tech consistency check
2026-02-19 17:22:42 | src.verification.verification_engine | INFO | verify_all_claims:68 | Running competitive programming verification
2026-02-19 17:22:42 | src.verification.verification_engine | INFO | verify_all_claims:80 | Comprehensive verification complete
2026-02-19 17:36:05 | src.verification.verification_engine | INFO | __init__:24 | VerificationEngine initialized
2026-02-19 17:36:05 | src.verification.verification_engine | INFO | verify_all_claims:32 | Starting comprehensive claim verification
2026-02-19 17:36:05 | src.verification.verification_engine | INFO | verify_all_claims:59 | Running tech consistency check
2026-02-19 17:36:05 | src.verification.verification_engine | INFO | verify_all_claims:68 | Running competitive programming verification
2026-02-19 17:36:05 | src.verification.verification_engine | INFO | verify_all_claims:80 | Comprehensive verification complete
2026-02-19 17:41:09 | src.verification.verification_engine | INFO | __init__:24 | VerificationEngine initialized
2026-02-19 17:41:09 | src.verification.verification_engine | INFO | verify_all_claims:32 | Starting comprehensive claim verification
2026-02-19 17:41:09 | src.verification.verification_engine | INFO | verify_all_claims:59 | Running tech consistency check
2026-02-19 17:41:09 | src.verification.verification_engine | INFO | verify_all_claims:68 | Running competitive programming verification
2026-02-19 17:41:09 | src.verification.verification_engine | INFO | verify_all_claims:80 | Comprehensive verification complete
2026-02-19 17:50:38 | src.verification.verification_engine | INFO | __init__:24 | VerificationEngine initialized
2026-02-19 17:50:38 | src.verification.verification_engine | INFO | verify_all_claims:32 | Starting comprehensive claim verification
2026-02-19 17:50:38 | src.verification.verification_engine | INFO | verify_all_claims:59 | Running tech consistency check
2026-02-19 17:50:38 | src.verification.verification_engine | INFO | verify_all_claims:68 | Running competitive programming verification
2026-02-19 17:50:38 | src.verification.verification_engine | INFO | verify_all_claims:80 | Comprehensive verification complete
2026-02-19 17:55:38 | src.verification.verification_engine | INFO | __init__:24 | VerificationEngine initialized
2026-02-19 17:55:38 | src.verification.verification_engine | INFO | verify_all_claims:32 | Starting comprehensive claim verification
2026-02-19 17:55:38 | src.verification.verification_engine | INFO | verify_all_claims:59 | Running tech consistency check
2026-02-19 17:55:38 | src.verification.verification_engine | INFO | verify_all_claims:68 | Running competitive programming verification
2026-02-19 17:55:38 | src.verification.verification_engine | INFO | verify_all_claims:80 | Comprehensive verification complete
2026-02-20 09:34:29 | src.verification.verification_engine | INFO | __init__:24 | VerificationEngine initialized
2026-02-20 09:34:29 | src.verification.verification_engine | INFO | verify_all_claims:32 | Starting comprehensive claim verification
2026-02-20 09:34:29 | src.verification.verification_engine | INFO | verify_all_claims:59 | Running tech consistency check
2026-02-20 09:34:29 | src.verification.verification_engine | INFO | verify_all_claims:68 | Running competitive programming verification
2026-02-20 09:34:29 | src.verification.verification_engine | INFO | verify_all_claims:80 | Comprehensive verification complete
2026-02-20 09:45:08 | src.verification.verification_engine | INFO | __init__:24 | VerificationEngine initialized
2026-02-20 09:45:08 | src.verification.verification_engine | INFO | verify_all_claims:32 | Starting comprehensive claim verification
2026-02-20 09:45:08 | src.verification.verification_engine | INFO | verify_all_claims:45 | Running GitHub verification for deep-mm
2026-02-20 09:45:20 | src.verification.verification_engine | INFO | verify_all_claims:59 | Running tech consistency check
2026-02-20 09:45:26 | src.verification.verification_engine | INFO | verify_all_claims:68 | Running competitive programming verification
2026-02-20 09:45:26 | src.verification.verification_engine | INFO | verify_all_claims:80 | Comprehensive verification complete
2026-02-20 10:29:11 | src.verification.verification_engine | INFO | __init__:24 | VerificationEngine initialized
2026-02-20 10:29:11 | src.verification.verification_engine | INFO | verify_all_claims:32 | Starting comprehensive claim verification
2026-02-20 10:29:11 | src.verification.verification_engine | INFO | verify_all_claims:45 | Running GitHub verification for deep-mm
2026-02-20 10:29:21 | src.verification.verification_engine | INFO | verify_all_claims:59 | Running tech consistency check
2026-02-20 10:29:26 | src.verification.verification_engine | INFO | verify_all_claims:68 | Running competitive programming verification
2026-02-20 10:29:26 | src.verification.verification_engine | INFO | verify_all_claims:80 | Comprehensive verification complete
2026-02-20 10:33:51 | src.verification.verification_engine | INFO | __init__:24 | VerificationEngine initialized
2026-02-20 10:33:51 | src.verification.verification_engine | INFO | verify_all_claims:32 | Starting comprehensive claim verification
2026-02-20 10:33:51 | src.verification.verification_engine | INFO | verify_all_claims:45 | Running GitHub verification for deep-mm
2026-02-20 10:34:02 | src.verification.verification_engine | INFO | verify_all_claims:59 | Running tech consistency check
2026-02-20 10:34:07 | src.verification.verification_engine | INFO | verify_all_claims:68 | Running competitive programming verification
2026-02-20 10:34:07 | src.verification.verification_engine | INFO | verify_all_claims:80 | Comprehensive verification complete
2026-02-20 10:36:24 | src.verification.verification_engine | INFO | __init__:24 | VerificationEngine initialized
2026-02-20 10:36:24 | src.verification.verification_engine | INFO | verify_all_claims:32 | Starting comprehensive claim verification
2026-02-20 10:36:24 | src.verification.verification_engine | INFO | verify_all_claims:45 | Running GitHub verification for deep-mm
2026-02-20 10:36:35 | src.verification.verification_engine | INFO | verify_all_claims:59 | Running tech consistency check
2026-02-20 10:36:40 | src.verification.verification_engine | INFO | verify_all_claims:68 | Running competitive programming verification
2026-02-20 10:36:40 | src.verification.verification_engine | INFO | verify_all_claims:80 | Comprehensive verification complete
2026-02-20 10:38:04 | src.verification.verification_engine | INFO | __init__:24 | VerificationEngine initialized
2026-02-20 10:38:04 | src.verification.verification_engine | INFO | verify_all_claims:32 | Starting comprehensive claim verification
2026-02-20 10:38:04 | src.verification.verification_engine | INFO | verify_all_claims:45 | Running GitHub verification for deep-mm
2026-02-20 10:38:15 | src.verification.verification_engine | INFO | verify_all_claims:59 | Running tech consistency check
2026-02-20 10:38:20 | src.verification.verification_engine | INFO | verify_all_claims:68 | Running competitive programming verification
2026-02-20 10:38:20 | src.verification.verification_engine | INFO | verify_all_claims:80 | Comprehensive verification complete
2026-02-20 10:41:08 | src.verification.verification_engine | INFO | __init__:24 | VerificationEngine initialized
2026-02-20 10:41:08 | src.verification.verification_engine | INFO | verify_all_claims:32 | Starting comprehensive claim verification
2026-02-20 10:41:08 | src.verification.verification_engine | INFO | verify_all_claims:45 | Running GitHub verification for deep-mm
2026-02-20 10:41:20 | src.verification.verification_engine | INFO | verify_all_claims:59 | Running tech consistency check
2026-02-20 10:41:25 | src.verification.verification_engine | INFO | verify_all_claims:68 | Running competitive programming verification
2026-02-20 10:41:25 | src.verification.verification_engine | INFO | verify_all_claims:80 | Comprehensive verification complete
2026-02-20 11:46:59 | src.verification.verification_engine | INFO | __init__:24 | VerificationEngine initialized
2026-02-20 11:46:59 | src.verification.verification_engine | INFO | verify_all_claims:32 | Starting comprehensive claim verification
2026-02-20 11:46:59 | src.verification.verification_engine | INFO | verify_all_claims:45 | Running GitHub verification for deep-mm
2026-02-20 11:47:10 | src.verification.verification_engine | INFO | verify_all_claims:59 | Running tech consistency check
2026-02-20 11:47:15 | src.verification.verification_engine | INFO | verify_all_claims:68 | Running competitive programming verification
2026-02-20 11:47:16 | src.verification.verification_engine | INFO | verify_all_claims:80 | Comprehensive verification complete
2026-02-20 11:52:09 | src.verification.verification_engine | INFO | __init__:24 | VerificationEngine initialized
2026-02-20 11:52:09 | src.verification.verification_engine | INFO | verify_all_claims:32 | Starting comprehensive claim verification
2026-02-20 11:52:09 | src.verification.verification_engine | INFO | verify_all_claims:45 | Running GitHub verification for deep-mm
2026-02-20 11:52:20 | src.verification.verification_engine | INFO | verify_all_claims:59 | Running tech consistency check
2026-02-20 11:52:25 | src.verification.verification_engine | INFO | verify_all_claims:68 | Running competitive programming verification
2026-02-20 11:52:25 | src.verification.verification_engine | INFO | verify_all_claims:80 | Comprehensive verification complete
2026-08-09 13:20:59 | src.verification.verification_engine | INFO | __init__:24 | VerificationEngine initialized
2026-08-09 13:20:59 | src.verification.verification_engine | INFO | verify_all_claims:32 | Starting comprehensive claim verification
2026-08-09 13:20:59 | src.verification.verification_engine | INFO | verify_all_claims:45 | Running GitHub verification for nishita-502
2026-08-09 13:20:59 | src.verification.verification_engine | INFO | verify_all_claims:68 | Running competitive programming verification
2026-08-09 13:20:59 | src.verification.verification_engine | INFO | verify_all_claims:80 | Comprehensive verification complete
2026-08-09 13:21:29 | src.verification.verification_engine | INFO | __init__:24 | VerificationEngine initialized
2026-08-09 13:21:29 | src.verification.verification_engine | INFO | verify_all_claims:32 | Starting comprehensive claim verification
2026-08-09 13:21:29 | src.verification.verification_engine | INFO | verify_all_claims:45 | Running GitHub verification for nishita-502
2026-08-09 13:21:30 | src.verification.verification_engine | INFO | verify_all_claims:68 | Running competitive programming verification
2026-08-09 13:21:30 | src.verification.verification_engine | INFO | verify_all_claims:80 | Comprehensive verification complete
2026-08-09 13:35:26 | src.verification.verification_engine | INFO | __init__:24 | VerificationEngine initialized
2026-08-09 13:35:26 | src.verification.verification_engine | INFO | verify_all_claims:32 | Starting comprehensive claim verification
2026-08-09 13:35:26 | src.verification.verification_engine | INFO | verify_all_claims:45 | Running GitHub verification for nishita-502
2026-08-09 13:35:26 | src.verification.verification_engine | INFO | verify_all_claims:68 | Running competitive programming verification
2026-08-09 13:35:26 | src.verification.verification_engine | INFO | verify_all_claims:80 | Comprehensive verification complete
2026-08-10 10:03:51 | src.verification.verification_engine | INFO | __init__:24 | VerificationEngine initialized
2026-08-10 10:03:51 | src.verification.verification_engine | INFO | verify_all_claims:32 | Starting comprehensive claim verification
2026-08-10 10:03:51 | src.verification.verification_engine | INFO | verify_all_claims:45 | Running GitHub verification for nishita-502
2026-08-10 10:03:51 | src.verification.verification_engine | INFO | verify_all_claims:68 | Running competitive programming verification
2026-08-10 10:03:51 | src.verification.verification_engine | INFO | verify_all_claims:80 | Comprehensive verification complete
2026-08-10 12:49:50 | src.verification.verification_engine | INFO | __init__:24 | VerificationEngine initialized
2026-08-10 12:49:50 | src.verification.verification_engine | INFO | verify_all_claims:32 | Starting comprehensive claim verification
2026-08-10 12:49:50 | src.verification.verification_engine | INFO | verify_all_claims:45 | Running GitHub verification for nishita-502
2026-08-10 12:49:51 | src.verification.verification_engine | INFO | verify_all_claims:68 | Running competitive programming verification
2026-08-10 12:49:51 | src.verification.verification_engine | INFO | verify_all_claims:80 | Comprehensive verification complete
2026-08-10 14:02:01 | src.verification.verification_engine | INFO | __init__:26 | VerificationEngine initialized
2026-08-10 14:02:01 | src.verification.verification_engine | INFO | verify_all_claims:34 | Starting comprehensive claim verification
2026-08-10 14:02:01 | src.verification.verification_engine | INFO | verify_all_claims:47 | Running GitHub verification for nishita-502
2026-08-10 14:02:01 | src.verification.verification_engine | INFO | verify_all_claims:61 | Running tech consistency check
2026-08-10 14:02:01 | src.verification.verification_engine | INFO | verify_all_claims:71 | Running competitive programming verification
2026-08-10 14:02:01 | src.verification.verification_engine | INFO | verify_all_claims:83 | Comprehensive verification complete
